Component: ARM Compiler 5.06 update 1 (build 61) Tool: armlink [4d35a8]

==============================================================================

Section Cross References

    stm32f10x_gpio.o(.text) refers to stm32f10x_rcc.o(.text) for RCC_APB2PeriphResetCmd
    stm32f10x_i2c.o(.text) refers to stm32f10x_rcc.o(.text) for RCC_APB1PeriphResetCmd
    stm32f10x_rcc.o(.text) refers to stm32f10x_rcc.o(.data) for APBAHBPrescTable
    stm32f10x_tim.o(.text) refers to stm32f10x_rcc.o(.text) for RCC_APB2PeriphResetCmd
    stm32f10x_usart.o(.text) refers to stm32f10x_rcc.o(.text) for RCC_APB2PeriphResetCmd
    stm32f10x_adc.o(.text) refers to stm32f10x_rcc.o(.text) for RCC_APB2PeriphResetCmd
    system_stm32f10x.o(.text) refers to system_stm32f10x.o(.data) for SystemCoreClock
    startup_stm32f10x_md.o(RESET) refers to startup_stm32f10x_md.o(STACK) for __initial_sp
    startup_stm32f10x_md.o(RESET) refers to startup_stm32f10x_md.o(.text) for Reset_Handler
    startup_stm32f10x_md.o(RESET) refers to stm32f10x_it.o(.text) for NMI_Handler
    startup_stm32f10x_md.o(RESET) refers to ultrasonic.o(.text) for TIM1_CC_IRQHandler
    startup_stm32f10x_md.o(RESET) refers to motor.o(.text) for TIM2_IRQHandler
    startup_stm32f10x_md.o(.text) refers to system_stm32f10x.o(.text) for SystemInit
    startup_stm32f10x_md.o(.text) refers to entry.o(.ARM.Collect$$$$00000000) for __main
    bsp.o(.text) refers to stm32f10x_rcc.o(.text) for RCC_APB2PeriphClockCmd
    bsp.o(.text) refers to stm32f10x_gpio.o(.text) for GPIO_PinRemapConfig
    bsp.o(.text) refers to common.o(.text) for XOR_Get
    bsp.o(.text) refers to printfa.o(i.__0sprintf) for __2sprintf
    bsp.o(.text) refers to usart.o(.text) for Uart3SendStr
    bsp.o(.text) refers to adc.o(.text) for ADCInit
    bsp.o(.text) refers to ultrasonic.o(.text) for TIM1_Cap_Init
    bsp.o(.text) refers to motor.o(.text) for TIM3_PWM_Init
    bsp.o(.text) refers to i2c.o(.text) for i2cInit
    bsp.o(.text) refers to infrare.o(.text) for InfraredIOInit
    bsp.o(.text) refers to oled.o(.text) for OLED_Init
    bsp.o(.text) refers to mpu6050.o(.text) for MPU6050_Init
    bsp.o(.text) refers to bsp.o(.data) for flag
    mpu6050.o(.text) refers to i2c.o(.text) for i2cwrite
    mpu6050.o(.text) refers to mpu6050.o(.data) for g_fGyro_x
    oled.o(.text) refers to stm32f10x_rcc.o(.text) for RCC_APB2PeriphClockCmd
    oled.o(.text) refers to stm32f10x_gpio.o(.text) for GPIO_Init
    oled.o(.text) refers to common.o(.text) for delay_ms
    oled.o(.text) refers to oled.o(.constdata) for F6x8
    oled.o(.text) refers to oled.o(.data) for Hzk
    adc.o(.text) refers to stm32f10x_rcc.o(.text) for RCC_APB2PeriphClockCmd
    adc.o(.text) refers to stm32f10x_gpio.o(.text) for GPIO_Init
    adc.o(.text) refers to stm32f10x_adc.o(.text) for ADC_Init
    adc.o(.text) refers to dfltui.o(.text) for __aeabi_ui2d
    adc.o(.text) refers to dmul.o(.text) for __aeabi_dmul
    adc.o(.text) refers to d2f.o(.text) for __aeabi_d2f
    adc.o(.text) refers to ffixui.o(.text) for __aeabi_f2uiz
    usart.o(.text) refers to stm32f10x_rcc.o(.text) for RCC_APB2PeriphClockCmd
    usart.o(.text) refers to stm32f10x_gpio.o(.text) for GPIO_Init
    usart.o(.text) refers to stm32f10x_usart.o(.text) for USART_Init
    usart.o(.text) refers to misc.o(.text) for NVIC_PriorityGroupConfig
    usart.o(.text) refers to strlen.o(.text) for strlen
    i2c.o(.text) refers to stm32f10x_rcc.o(.text) for RCC_APB2PeriphClockCmd
    i2c.o(.text) refers to stm32f10x_gpio.o(.text) for GPIO_Init
    ultrasonic.o(.text) refers to stm32f10x_rcc.o(.text) for RCC_APB2PeriphClockCmd
    ultrasonic.o(.text) refers to stm32f10x_gpio.o(.text) for GPIO_Init
    ultrasonic.o(.text) refers to stm32f10x_tim.o(.text) for TIM_TimeBaseInit
    ultrasonic.o(.text) refers to misc.o(.text) for NVIC_Init
    ultrasonic.o(.text) refers to common.o(.text) for delay_us
    ultrasonic.o(.text) refers to ultrasonic.o(.data) for TIM1CH4_CAPTURE_STA
    motor.o(.text) refers to stm32f10x_rcc.o(.text) for RCC_APB2PeriphClockCmd
    motor.o(.text) refers to stm32f10x_gpio.o(.text) for GPIO_Init
    motor.o(.text) refers to stm32f10x_tim.o(.text) for TIM_TimeBaseInit
    motor.o(.text) refers to misc.o(.text) for NVIC_Init
    infrare.o(.text) refers to stm32f10x_rcc.o(.text) for RCC_APB2PeriphClockCmd
    infrare.o(.text) refers to stm32f10x_gpio.o(.text) for GPIO_Init
    infrare.o(.text) refers to infrare.o(.data) for InfrareError
    systick.o(.text) refers to system_stm32f10x.o(.text) for SystemCoreClockUpdate
    systick.o(.text) refers to systick.o(.bss) for SoftTimer
    systick.o(.text) refers to system_stm32f10x.o(.data) for SystemCoreClock
    debug.o(.text) refers to ffixi.o(.text) for __aeabi_f2iz
    debug.o(.text) refers to common.o(.text) for CRC16Calculate
    debug.o(.text) refers to usart.o(.text) for Uart1SendBuff
    debug.o(.text) refers to debug.o(.bss) for IMUData
    debug.o(.text) refers to control.o(.data) for g_fGravityAngle
[...]
    .text                                    0x08003a84   Section        0  systick.o(.text)
    .text                                    0x08003b2c   Section        0  main.o(.text)
    .text                                    0x08003bc0   Section        0  stm32f10x_it.o(.text)
    .text                                    0x08003cc0   Section        0  common.o(.text)
    .text                                    0x08003d88   Section        0  communicate.o(.text)
    .text                                    0x080042bc   Section        0  control.o(.text)
    .text                                    0x080053c4   Section        0  dataflash.o(.text)
    .text                                    0x0800556c   Section        0  display.o(.text)
    .text                                    0x080057cc   Section        0  memseta.o(.text)
    .text                                    0x080057f0   Section        0  strstr.o(.text)
    .text                                    0x08005814   Section        0  strlen.o(.text)
    .text                                    0x08005824   Section        0  strtok.o(.text)
    .text                                    0x08005868   Section        0  fadd.o(.text)
    .text                                    0x08005918   Section        0  fmul.o(.text)
    .text                                    0x0800597c   Section        0  fdiv.o(.text)
    .text                                    0x080059f8   Section        0  dadd.o(.text)
    .text                                    0x08005b46   Section        0  dmul.o(.text)
    .text                                    0x08005c2a   Section        0  ddiv.o(.text)
    .text                                    0x08005d08   Section        0  fflti.o(.text)
    .text                                    0x08005d1a   Section        0  dflti.o(.text)
    .text                                    0x08005d3c   Section        0  dfltui.o(.text)
    .text                                    0x08005d56   Section        0  ffixi.o(.text)
    .text                                    0x08005d88   Section        0  ffixui.o(.text)
    .text                                    0x08005db0   Section        0  dfixi.o(.text)
    .text                                    0x08005dee   Section        0  dfixui.o(.text)
    .text                                    0x08005e20   Section        0  f2d.o(.text)
    .text                                    0x08005e48   Section       48  cdcmple.o(.text)
    .text                                    0x08005e78   Section       48  cdrcmple.o(.text)
    .text                                    0x08005ea8   Section        0  d2f.o(.text)
    .text                                    0x08005ee0   Section       20  cfcmple.o(.text)
    .text                                    0x08005ef4   Section       20  cfrcmple.o(.text)
    .text                                    0x08005f08   Section        0  uidiv.o(.text)
    .text                                    0x08005f34   Section        0  uldiv.o(.text)
    .text                                    0x08005f96   Section        0  llshl.o(.text)
    .text                                    0x08005fb4   Section        0  llushr.o(.text)
    .text                                    0x08005fd4   Section        0  llsshr.o(.text)
    .text                                    0x08005ff8   Section        0  strtod.o(.text)
    _local_sscanf                            0x08005ff9   Thumb Code    54  strtod.o(.text)
    .text                                    0x08006094   Section        0  iusefp.o(.text)
    .text                                    0x08006094   Section        0  fepilogue.o(.text)
    .text                                    0x08006102   Section        0  depilogue.o(.text)
    .text                                    0x080061bc   Section        0  dfixul.o(.text)
    .text                                    0x080061ec   Section       36  init.o(.text)
    .text                                    0x08006210   Section        0  isspace_c.o(.text)
    .text                                    0x0800621c   Section        0  scanf_fp.o(.text)
    _fp_value                                0x0800621d   Thumb Code   256  scanf_fp.o(.text)
    .text                                    0x08006554   Section        0  _sgetc.o(.text)
    .text                                    0x08006594   Section        0  dscalb.o(.text)
    .text                                    0x080065c4   Section        0  ctype_c.o(.text)
    .text                                    0x080065ec   Section        0  dfltul.o(.text)
    .text                                    0x08006604   Section        0  __dczerorl2.o(.text)
    i.__0snprintf                            0x0800665c   Section        0  printfa.o(i.__0snprintf)
    i.__0sprintf                             0x08006684   Section        0  printfa.o(i.__0sprintf)
    i.__ARM_fpclassify                       0x080066ac   Section        0  fpclassify.o(i.__ARM_fpclassify)
    i.__kernel_poly                          0x080066d4   Section        0  poly.o(i.__kernel_poly)
    i.__mathlib_dbl_infnan                   0x0800677e   Section        0  dunder.o(i.__mathlib_dbl_infnan)
    i.__mathlib_dbl_infnan2                  0x08006784   Section        0  dunder.o(i.__mathlib_dbl_infnan2)
    i.__mathlib_dbl_underflow                0x08006788   Section        0  dunder.o(i.__mathlib_dbl_underflow)
    i.__read_errno                           0x08006798   Section        0  errno.o(i.__read_errno)
    i.__scatterload_copy                     0x080067a4   Section       14  handlers.o(i.__scatterload_copy)
    i.__scatterload_null                     0x080067b2   Section        2  handlers.o(i.__scatterload_null)
    i.__scatterload_zeroinit                 0x080067b4   Section       14  handlers.o(i.__scatterload_zeroinit)
    i.__set_errno                            0x080067c4   Section        0  errno.o(i.__set_errno)
    i._fp_digits                             0x080067d0   Section        0  printfa.o(i._fp_digits)
    _fp_digits                               0x080067d1   Thumb Code   334  printfa.o(i._fp_digits)
    i._is_digit                              0x08006934   Section        0  scanf_fp.o(i._is_digit)
    i._printf_core                           0x08006944   Section        0  printfa.o(i._printf_core)
    _printf_core                             0x08006945   Thumb Code  1744  printfa.o(i._printf_core)
    i._printf_post_padding                   0x08007020   Section        0  printfa.o(i._printf_post_padding)
    _printf_post_padding                     0x08007021   Thumb Code    36  printfa.o(i._printf_post_padding)
    i._printf_pre_padding                    0x08007044   Section        0  printfa.o(i._printf_pre_padding)
    _printf_pre_padding                      0x08007045   Thumb Code    46  printfa.o(i._printf_pre_padding)
    i._snputc                                0x08007072   Section        0  printfa.o(i._snputc)
    _snputc                                  0x08007073   Thumb Code    22  printfa.o(i._snputc)
    i._sputc                                 0x08007088   Section        0  printfa.o(i._sputc)
    _sputc                                   0x08007089   Thumb Code    10  printfa.o(i._sputc)
    i.atan                                   0x08007094   Section        0  atan.o(i.atan)
    i.atan2                                  0x080072b4   Section        0  atan2.o(i.atan2)
    i.atof                                   0x08007434   Section        0  atof.o(i.atof)
    .constdata                               0x0800745e   Section     2072  oled.o(.constdata)
    .constdata                               0x08007c76   Section       24  manage.o(.constdata)
    .constdata                               0x08007c90   Section      152  atan.o(.constdata)
    atanhi                                   0x08007c90   Data          32  atan.o(.constdata)
    atanlo                                   0x08007cb0   Data          32  atan.o(.constdata)
    aTodd                                    0x08007cd0   Data          40  atan.o(.constdata)
    aTeven                                   0x08007cf8   Data          48  atan.o(.constdata)
    .constdata                               0x08007d28   Section        8  qnan.o(.constdata)
    .constdata                               0x08007d30   Section       64  ctype_c.o(.constdata)
    .data                                    0x20000000   Section       20  stm32f10x_rcc.o(.data)
    APBAHBPrescTable                         0x20000000   Data          16  stm32f10x_rcc.o(.data)
    ADCPrescTable                            0x20000010   Data           4  stm32f10x_rcc.o(.data)
    .data                                    0x20000014   Section       20  system_stm32f10x.o(.data)
    .data                                    0x20000028   Section        1  bsp.o(.data)
    flag                                     0x20000028   Data           1  bsp.o(.data)
    .data                                    0x2000002a   Section       10  mpu6050.o(.data)
    .data                                    0x20000034   Section      704  oled.o(.data)
    .data                                    0x200002f4   Section        1  usart.o(.data)
    .data                                    0x200002f8   Section       16  ultrasonic.o(.data)
    .data                                    0x20000308   Section        1  infrare.o(.data)
    InfrareError                             0x20000308   Data           1  infrare.o(.data)
    .data                                    0x20000309   Section        1  communicate.o(.data)
    .data                                    0x2000030c   Section      200  control.o(.data)
    AbnormalSpinFlag                         0x2000039c   Data           4  control.o(.data)
    count                                    0x200003ca   Data           2  control.o(.data)
    lastCarAngle                             0x200003cc   Data           4  control.o(.data)
    count                                    0x200003d0   Data           2  control.o(.data)
    count1                                   0x200003d2   Data           2  control.o(.data)
    .data                                    0x200003d4   Section     1025  display.o(.data)
    step                                     0x200007d4   Data           1  display.o(.data)
    .data                                    0x200007d6   Section        5  manage.o(.data)
    .data                                    0x200007dc   Section        4  strtok.o(.data)
    state                                    0x200007dc   Data           4  strtok.o(.data)
    .data                                    0x200007e0   Section        4  errno.o(.data)
    _errno                                   0x200007e0   Data           4  errno.o(.data)
    .bss                                     0x200007e4   Section      128  usart.o(.bss)
    .bss                                     0x20000864   Section       10  systick.o(.bss)
    .bss                                     0x2000086e   Section      128  dataflash.o(.bss)
    FlashWBuffer                             0x2000086e   Data         128  dataflash.o(.bss)
    STACK                                    0x200008f0   Section     1024  startup_stm32f10x_md.o(STACK)

    Global Symbols

    Symbol Name                              Value     Ov Type        Size  Object(Section)

    BuildAttributes$$THM_ISAv4$P$D$K$B$S$PE$A:L22UL41UL21$X:L11$S22US41US21$IEEE1$IW$USESV6$~STKCKD$USESV7$~SHL$OTIME$ROPI$IEEEX$EBA8$MICROLIB$REQ8$PRES8$EABIv2 0x00000000   Number         0  anon$$obj.o ABSOLUTE
    __ARM_use_no_argv                        0x00000000   Number         0  main.o ABSOLUTE
    _printf_a                                0x00000000   Number         0  stubs.o ABSOLUTE
    _printf_c                                0x00000000   Number         0  stubs.o ABSOLUTE
    _printf_charcount                        0x00000000   Number         0  stubs.o ABSOLUTE
    _printf_d                                0x00000000   Number         0  stubs.o ABSOLUTE
    _printf_e                                0x00000000   Number         0  stubs.o ABSOLUTE
    _printf_f                                0x00000000   Number         0  stubs.o ABSOLUTE
    _printf_flags                            0x00000000   Number         0  stubs.o ABSOLUTE
    _printf_fp_dec                           0x00000000   Number         0  stubs.o ABSOLUTE
    _printf_fp_hex                           0x00000000   Number         0  stubs.o ABSOLUTE
    _printf_g                                0x00000000   Number         0  stubs.o ABSOLUTE
    _printf_i                                0x00000000   Number         0  stubs.o ABSOLUTE
    _printf_int_dec                          0x00000000   Number         0  stubs.o ABSOLUTE
    _printf_l                                0x00000000   Number         0  stubs.o ABSOLUTE
    _printf_lc                               0x00000000   Number         0  stubs.o ABSOLUTE
    _printf_ll                               0x00000000   Number         0  stubs.o ABSOLUTE
    _printf_lld                              0x00000000   Number         0  stubs.o ABSOLUTE
    _printf_lli                              0x00000000   Number         0  stubs.o ABSOLUTE
    _printf_llo                              0x00000000   Number         0  stubs.o ABSOLUTE
    _printf_llu                              0x00000000   Number         0  stubs.o ABSOLUTE
    _printf_llx                              0x00000000   Number         0  stubs.o ABSOLUTE
    _printf_longlong_dec                     0x00000000   Number         0  stubs.o ABSOLUTE
    _printf_longlong_hex                     0x00000000   Number         0  stubs.o ABSOLUTE
    _printf_longlong_oct                     0x00000000   Number         0  stubs.o ABSOLUTE
    _printf_ls                               0x00000000   Number         0  stubs.o ABSOLUTE
    _printf_mbtowc                           0x00000000   Number         0  stubs.o ABSOLUTE
    _printf_n                                0x00000000   Number         0  stubs.o ABSOLUTE
    _printf_o                                0x00000000   Number         0  stubs.o ABSOLUTE
    _printf_p                                0x00000000   Number         0  stubs.o ABSOLUTE
    _printf_percent                          0x00000000   Number         0  stubs.o ABSOLUTE
    _printf_pre_padding                      0x00000000   Number         0  stubs.o ABSOLUTE
    _printf_return_value                     0x00000000   Number         0  stubs.o ABSOLUTE
    _printf_s                                0x00000000   Number         0  stubs.o ABSOLUTE
    _printf_sizespec                         0x00000000   Number         0  stubs.o ABSOLUTE
    _printf_str                              0x00000000   Number         0  stubs.o ABSOLUTE
    _printf_truncate_signed                  0x00000000   Number         0  stubs.o ABSOLUTE
    _printf_truncate_unsigned                0x00000000   Number         0  stubs.o ABSOLUTE
    _printf_u                                0x00000000   Number         0  stubs.o ABSOLUTE
    _printf_wc                               0x00000000   Number         0  stubs.o ABSOLUTE
    _printf_wctomb                           0x00000000   Number         0  stubs.o ABSOLUTE
    _printf_widthprec                        0x00000000   Number         0  stubs.o ABSOLUTE
    _printf_x                                0x00000000   Number         0  stubs.o ABSOLUTE
    __cpp_initialize__aeabi_                  - Undefined Weak Reference
    __cxa_finalize                            - Undefined Weak Reference
    _clock_init                               - Undefined Weak Reference
    _microlib_exit                            - Undefined Weak Reference
    __Vectors_Size                           0x000000ec   Number         0  startup_stm32f10x_md.o ABSOLUTE
    __Vectors                                0x08000000   Data           4  startup_stm32f10x_md.o(RESET)
    __Vectors_End                            0x080000ec   Data           0  startup_stm32f10x_md.o(RESET)
    __main                                   0x080000ed   Thumb Code     0  entry.o(.ARM.Collect$$$$00000000)
    _main_stk                                0x080000ed   Thumb Code     0  entry2.o(.ARM.Collect$$$$00000001)
    _main_scatterload                        0x080000f1   Thumb Code     0  entry5.o(.ARM.Collect$$$$00000004)
    __main_after_scatterload                 0x080000f5   Thumb Code     0  entry5.o(.ARM.Collect$$$$00000004)
    _main_clock                              0x080000f5   Thumb Code     0  entry7b.o(.ARM.Collect$$$$00000008)
    _main_cpp_init                           0x080000f5   Thumb Code     0  entry8b.o(.ARM.Collect$$$$0000000A)
    _main_init                               0x080000f5   Thumb Code     0  entry9a.o(.ARM.Collect$$$$0000000B)
    __rt_final_cpp                           0x080000fd   Thumb Code     0  entry10a.o(.ARM.Collect$$$$0000000D)
    __rt_final_exit                          0x080000fd   Thumb Code     0  entry11a.o(.ARM.Collect$$$$0000000F)
    NVIC_PriorityGroupConfig                 0x08000101   Thumb Code    10  misc.o(.text)
    NVIC_Init                                0x0800010b   Thumb Code   100  misc.o(.text)
    NVIC_SetVectorTable                      0x0800016f   Thumb Code    14  misc.o(.text)
    NVIC_SystemLPConfig                      0x0800017d   Thumb Code    34  misc.o(.text)
    SysTick_CLKSourceConfig                  0x0800019f   Thumb Code    40  misc.o(.text)
    GPIO_DeInit                              0x080001dd   Thumb Code   172  stm32f10x_gpio.o(.text)
    GPIO_AFIODeInit                          0x08000289   Thumb Code    20  stm32f10x_gpio.o(.text)
    GPIO_Init                                0x0800029d   Thumb Code   278  stm32f10x_gpio.o(.text)
    GPIO_StructInit                          0x080003b3   Thumb Code    16  stm32f10x_gpio.o(.text)
    GPIO_ReadInputDataBit                    0x080003c3   Thumb Code    18  stm32f10x_gpio.o(.text)
    GPIO_ReadInputData                       0x080003d5   Thumb Code     8  stm32f10x_gpio.o(.text)
    GPIO_ReadOutputDataBit                   0x080003dd   Thumb Code    18  stm32f10x_gpio.o(.text)
    GPIO_ReadOutputData                      0x080003ef   Thumb Code     8  stm32f10x_gpio.o(.text)
    GPIO_SetBits                             0x080003f7   Thumb Code     4  stm32f10x_gpio.o(.text)
    GPIO_ResetBits                           0x080003fb   Thumb Code     4  stm32f10x_gpio.o(.text)
    GPIO_WriteBit                            0x080003ff   Thumb Code    10  stm32f10x_gpio.o(.text)
    GPIO_Write                               0x08000409   Thumb Code     4  stm32f10x_gpio.o(.text)
    GPIO_PinLockConfig                       0x0800040d   Thumb Code    18  stm32f10x_gpio.o(.text)
    GPIO_EventOutputConfig                   0x0800041f   Thumb Code    26  stm32f10x_gpio.o(.text)
    GPIO_EventOutputCmd                      0x08000439   Thumb Code     6  stm32f10x_gpio.o(.text)
    GPIO_PinRemapConfig                      0x0800043f   Thumb Code   138  stm32f10x_gpio.o(.text)
    GPIO_EXTILineConfig                      0x080004c9   Thumb Code    66  stm32f10x_gpio.o(.text)
    GPIO_ETH_MediaInterfaceConfig            0x0800050b   Thumb Code     8  stm32f10x_gpio.o(.text)
    RCC_DeInit                               0x08000539   Thumb Code    64  stm32f10x_rcc.o(.text)
    RCC_HSEConfig                            0x08000579   Thumb Code    70  stm32f10x_rcc.o(.text)
    RCC_GetFlagStatus                        0x080005bf   Thumb Code    56  stm32f10x_rcc.o(.text)
    RCC_WaitForHSEStartUp                    0x080005f7   Thumb Code    56  stm32f10x_rcc.o(.text)
    RCC_AdjustHSICalibrationValue            0x0800062f   Thumb Code    20  stm32f10x_rcc.o(.text)
    RCC_HSICmd                               0x08000643   Thumb Code     6  stm32f10x_rcc.o(.text)
    RCC_PLLConfig                            0x08000649   Thumb Code    24  stm32f10x_rcc.o(.text)
    RCC_PLLCmd                               0x08000661   Thumb Code     6  stm32f10x_rcc.o(.text)
    RCC_SYSCLKConfig                         0x08000667   Thumb Code    18  stm32f10x_rcc.o(.text)
    RCC_GetSYSCLKSource                      0x08000679   Thumb Code    10  stm32f10x_rcc.o(.text)
    RCC_HCLKConfig                           0x08000683   Thumb Code    18  stm32f10x_rcc.o(.text)
    RCC_PCLK1Config                          0x08000695   Thumb Code    18  stm32f10x_rcc.o(.text)
    RCC_PCLK2Config                          0x080006a7   Thumb Code    20  stm32f10x_rcc.o(.text)
    RCC_ITConfig                             0x080006bb   Thumb Code    26  stm32f10x_rcc.o(.text)
    RCC_USBCLKConfig                         0x080006d5   Thumb Code     8  stm32f10x_rcc.o(.text)
    RCC_ADCCLKConfig                         0x080006dd   Thumb Code    18  stm32f10x_rcc.o(.text)
    RCC_LSEConfig                            0x080006ef   Thumb Code    50  stm32f10x_rcc.o(.text)
    RCC_LSICmd                               0x08000721   Thumb Code     6  stm32f10x_rcc.o(.text)
    RCC_RTCCLKConfig                         0x08000727   Thumb Code    12  stm32f10x_rcc.o(.text)
    RCC_RTCCLKCmd                            0x08000733   Thumb Code     8  stm32f10x_rcc.o(.text)
    RCC_GetClocksFreq                        0x0800073b   Thumb Code   192  stm32f10x_rcc.o(.text)
    RCC_AHBPeriphClockCmd                    0x080007fb   Thumb Code    26  stm32f10x_rcc.o(.text)
    RCC_APB2PeriphClockCmd                   0x08000815   Thumb Code    26  stm32f10x_rcc.o(.text)
    RCC_APB1PeriphClockCmd                   0x0800082f   Thumb Code    26  stm32f10x_rcc.o(.text)
    RCC_APB2PeriphResetCmd                   0x08000849   Thumb Code    26  stm32f10x_rcc.o(.text)
    RCC_APB1PeriphResetCmd                   0x08000863   Thumb Code    26  stm32f10x_rcc.o(.text)
    RCC_BackupResetCmd                       0x0800087d   Thumb Code     8  stm32f10x_rcc.o(.text)
    RCC_ClockSecuritySystemCmd               0x08000885   Thumb Code     6  stm32f10x_rcc.o(.text)
    RCC_MCOConfig                            0x0800088b   Thumb Code     6  stm32f10x_rcc.o(.text)
    RCC_ClearFlag                            0x08000891   Thumb Code    14  stm32f10x_rcc.o(.text)
    RCC_GetITStatus                          0x0800089f   Thumb Code    20  stm32f10x_rcc.o(.text)
    RCC_ClearITPendingBit                    0x080008b3   Thumb Code     6  stm32f10x_rcc.o(.text)
    TIM_DeInit                               0x080008dd   Thumb Code   424  stm32f10x_tim.o(.text)
    TIM_TimeBaseInit                         0x08000a85   Thumb Code   122  stm32f10x_tim.o(.text)
    TIM_OC1Init                              0x08000aff   Thumb Code   132  stm32f10x_tim.o(.text)
    TIM_OC2Init                              0x08000b83   Thumb Code   154  stm32f10x_tim.o(.text)
    TIM_OC3Init                              0x08000c1d   Thumb Code   150  stm32f10x_tim.o(.text)
    TIM_OC4Init                              0x08000cb3   Thumb Code   182  stm32f10x_tim.o(.text)
    TIM_SetIC4Prescaler                      0x08000d69   Thumb Code    26  stm32f10x_tim.o(.text)
    TIM_SetIC3Prescaler                      0x08000e05   Thumb Code    18  stm32f10x_tim.o(.text)
    TIM_SetIC2Prescaler                      0x08000e91   Thumb Code    26  stm32f10x_tim.o(.text)
    TIM_SetIC1Prescaler                      0x08000f2d   Thumb Code    18  stm32f10x_tim.o(.text)
    TIM_ICInit                               0x08000fab   Thumb Code   150  stm32f10x_tim.o(.text)
    TIM_PWMIConfig                           0x08001041   Thumb Code   124  stm32f10x_tim.o(.text)
    TIM_BDTRConfig                           0x080010bd   Thumb Code    32  stm32f10x_tim.o(.text)
    TIM_TimeBaseStructInit                   0x080010dd   Thumb Code    18  stm32f10x_tim.o(.text)
    TIM_OCStructInit                         0x080010ef   Thumb Code    20  stm32f10x_tim.o(.text)
    TIM_ICStructInit                         0x08001103   Thumb Code    18  stm32f10x_tim.o(.text)
    TIM_BDTRStructInit                       0x08001115   Thumb Code    40  stm32f10x_tim.o(.text)
    TIM_Cmd                                  0x0800113d   Thumb Code    24  stm32f10x_tim.o(.text)
    TIM_CtrlPWMOutputs                       0x08001155   Thumb Code    30  stm32f10x_tim.o(.text)
    TIM_ITConfig                             0x08001173   Thumb Code    18  stm32f10x_tim.o(.text)
    TIM_GenerateEvent                        0x08001185   Thumb Code     4  stm32f10x_tim.o(.text)
    TIM_DMAConfig                            0x08001189   Thumb Code    10  stm32f10x_tim.o(.text)
    TIM_DMACmd                               0x08001193   Thumb Code    18  stm32f10x_tim.o(.text)
    TIM_InternalClockConfig                  0x080011a5   Thumb Code    12  stm32f10x_tim.o(.text)
    TIM_SelectInputTrigger                   0x080011b1   Thumb Code    18  stm32f10x_tim.o(.text)
    TIM_ITRxExternalClockConfig              0x080011c3   Thumb Code    24  stm32f10x_tim.o(.text)
    TIM_TIxExternalClockConfig               0x080011db   Thumb Code    62  stm32f10x_tim.o(.text)
    TIM_ETRConfig                            0x08001219   Thumb Code    28  stm32f10x_tim.o(.text)
    TIM_ETRClockMode1Config                  0x08001235   Thumb Code    54  stm32f10x_tim.o(.text)
    TIM_ETRClockMode2Config                  0x0800126b   Thumb Code    32  stm32f10x_tim.o(.text)
    TIM_PrescalerConfig                      0x0800128b   Thumb Code     6  stm32f10x_tim.o(.text)
    TIM_CounterModeConfig                    0x08001291   Thumb Code    18  stm32f10x_tim.o(.text)
    TIM_EncoderInterfaceConfig               0x080012a3   Thumb Code    66  stm32f10x_tim.o(.text)
    TIM_ForcedOC1Config                      0x080012e5   Thumb Code    18  stm32f10x_tim.o(.text)
    TIM_ForcedOC2Config                      0x080012f7   Thumb Code    26  stm32f10x_tim.o(.text)
    TIM_ForcedOC3Config                      0x08001311   Thumb Code    18  stm32f10x_tim.o(.text)
    TIM_ForcedOC4Config                      0x08001323   Thumb Code    26  stm32f10x_tim.o(.text)
    TIM_ARRPreloadConfig                     0x0800133d   Thumb Code    24  stm32f10x_tim.o(.text)
    TIM_SelectCOM                            0x08001355   Thumb Code    24  stm32f10x_tim.o(.text)
    TIM_SelectCCDMA                          0x0800136d   Thumb Code    24  stm32f10x_tim.o(.text)
    TIM_CCPreloadControl                     0x08001385   Thumb Code    24  stm32f10x_tim.o(.text)
    TIM_OC1PreloadConfig                     0x0800139d   Thumb Code    18  stm32f10x_tim.o(.text)
    TIM_OC2PreloadConfig                     0x080013af   Thumb Code    26  stm32f10x_tim.o(.text)
    TIM_OC3PreloadConfig                     0x080013c9   Thumb Code    18  stm32f10x_tim.o(.text)
    TIM_OC4PreloadConfig                     0x080013db   Thumb Code    26  stm32f10x_tim.o(.text)
    TIM_OC1FastConfig                        0x080013f5   Thumb Code    18  stm32f10x_tim.o(.text)
    TIM_OC2FastConfig                        0x08001407   Thumb Code    26  stm32f10x_tim.o(.text)
    TIM_OC3FastConfig                        0x08001421   Thumb Code    18  stm32f10x_tim.o(.text)
    TIM_OC4FastConfig                        0x08001433   Thumb Code    26  stm32f10x_tim.o(.text)
    TIM_ClearOC1Ref                          0x0800144d   Thumb Code    18  stm32f10x_tim.o(.text)
    TIM_ClearOC2Ref                          0x0800145f   Thumb Code    24  stm32f10x_tim.o(.text)
    TIM_ClearOC3Ref                          0x08001477   Thumb Code    18  stm32f10x_tim.o(.text)
    TIM_ClearOC4Ref                          0x08001489   Thumb Code    24  stm32f10x_tim.o(.text)
    TIM_OC1PolarityConfig                    0x080014a1   Thumb Code    18  stm32f10x_tim.o(.text)
    TIM_OC1NPolarityConfig                   0x080014b3   Thumb Code    18  stm32f10x_tim.o(.text)
    TIM_OC2PolarityConfig                    0x080014c5   Thumb Code    26  stm32f10x_tim.o(.text)
    TIM_OC2NPolarityConfig                   0x080014df   Thumb Code    26  stm32f10x_tim.o(.text)
    TIM_OC3PolarityConfig                    0x080014f9   Thumb Code    26  stm32f10x_tim.o(.text)
    TIM_OC3NPolarityConfig                   0x08001513   Thumb Code    26  stm32f10x_tim.o(.text)
    TIM_OC4PolarityConfig                    0x0800152d   Thumb Code    26  stm32f10x_tim.o(.text)
    TIM_CCxCmd                               0x08001547   Thumb Code    30  stm32f10x_tim.o(.text)
    TIM_CCxNCmd                              0x08001565   Thumb Code    30  stm32f10x_tim.o(.text)
    TIM_SelectOCxM                           0x08001583   Thumb Code    82  stm32f10x_tim.o(.text)
    TIM_UpdateDisableConfig                  0x080015d5   Thumb Code    24  stm32f10x_tim.o(.text)
    TIM_UpdateRequestConfig                  0x080015ed   Thumb Code    24  stm32f10x_tim.o(.text)
    TIM_SelectHallSensor                     0x08001605   Thumb Code    24  stm32f10x_tim.o(.text)
    TIM_SelectOnePulseMode                   0x0800161d   Thumb Code    18  stm32f10x_tim.o(.text)
    TIM_SelectOutputTrigger                  0x0800162f   Thumb Code    18  stm32f10x_tim.o(.text)
    TIM_SelectSlaveMode                      0x08001641   Thumb Code    18  stm32f10x_tim.o(.text)
    TIM_SelectMasterSlaveMode                0x08001653   Thumb Code    18  stm32f10x_tim.o(.text)
    TIM_SetCounter                           0x08001665   Thumb Code     4  stm32f10x_tim.o(.text)
    TIM_SetAutoreload                        0x08001669   Thumb Code     4  stm32f10x_tim.o(.text)
    TIM_SetCompare1                          0x0800166d   Thumb Code     4  stm32f10x_tim.o(.text)
    TIM_SetCompare2                          0x08001671   Thumb Code     4  stm32f10x_tim.o(.text)
    TIM_SetCompare3                          0x08001675   Thumb Code     4  stm32f10x_tim.o(.text)
    TIM_SetCompare4                          0x08001679   Thumb Code     6  stm32f10x_tim.o(.text)
    TIM_SetClockDivision                     0x0800167f   Thumb Code    18  stm32f10x_tim.o(.text)
    TIM_GetCapture1                          0x08001691   Thumb Code     6  stm32f10x_tim.o(.text)
    TIM_GetCapture2                          0x08001697   Thumb Code     6  stm32f10x_tim.o(.text)
    TIM_GetCapture3                          0x0800169d   Thumb Code     6  stm32f10x_tim.o(.text)
    TIM_GetCapture4                          0x080016a3   Thumb Code     8  stm32f10x_tim.o(.text)
    TIM_GetCounter                           0x080016ab   Thumb Code     6  stm32f10x_tim.o(.text)
    TIM_GetPrescaler                         0x080016b1   Thumb Code     6  stm32f10x_tim.o(.text)
    TIM_GetFlagStatus                        0x080016b7   Thumb Code    18  stm32f10x_tim.o(.text)
    TIM_ClearFlag                            0x080016c9   Thumb Code     6  stm32f10x_tim.o(.text)
    TIM_GetITStatus                          0x080016cf   Thumb Code    34  stm32f10x_tim.o(.text)
    TIM_ClearITPendingBit                    0x080016f1   Thumb Code     6  stm32f10x_tim.o(.text)
    USART_DeInit                             0x080016f9   Thumb Code   134  stm32f10x_usart.o(.text)
    USART_Init                               0x0800177f   Thumb Code   210  stm32f10x_usart.o(.text)
    USART_StructInit                         0x08001851   Thumb Code    24  stm32f10x_usart.o(.text)
    USART_ClockInit                          0x08001869   Thumb Code    34  stm32f10x_usart.o(.text)
    USART_ClockStructInit                    0x0800188b   Thumb Code    12  stm32f10x_usart.o(.text)
    USART_Cmd                                0x08001897   Thumb Code    24  stm32f10x_usart.o(.text)
    USART_ITConfig                           0x080018af   Thumb Code    74  stm32f10x_usart.o(.text)
    USART_DMACmd                             0x080018f9   Thumb Code    18  stm32f10x_usart.o(.text)
    USART_SetAddress                         0x0800190b   Thumb Code    18  stm32f10x_usart.o(.text)
    USART_WakeUpConfig                       0x0800191d   Thumb Code    18  stm32f10x_usart.o(.text)
    USART_ReceiverWakeUpCmd                  0x0800192f   Thumb Code    24  stm32f10x_usart.o(.text)
    USART_LINBreakDetectLengthConfig         0x08001947   Thumb Code    18  stm32f10x_usart.o(.text)
    USART_LINCmd                             0x08001959   Thumb Code    24  stm32f10x_usart.o(.text)
    USART_SendData                           0x08001971   Thumb Code     8  stm32f10x_usart.o(.text)
    USART_ReceiveData                        0x08001979   Thumb Code    10  stm32f10x_usart.o(.text)
    USART_SendBreak                          0x08001983   Thumb Code    10  stm32f10x_usart.o(.text)
    USART_SetGuardTime                       0x0800198d   Thumb Code    16  stm32f10x_usart.o(.text)
    USART_SetPrescaler                       0x0800199d   Thumb Code    16  stm32f10x_usart.o(.text)
    USART_SmartCardCmd                       0x080019ad   Thumb Code    24  stm32f10x_usart.o(.text)
    USART_SmartCardNACKCmd                   0x080019c5   Thumb Code    24  stm32f10x_usart.o(.text)
    USART_HalfDuplexCmd                      0x080019dd   Thumb Code    24  stm32f10x_usart.o(.text)
    USART_OverSampling8Cmd                   0x080019f5   Thumb Code    22  stm32f10x_usart.o(.text)
    USART_OneBitMethodCmd                    0x08001a0b   Thumb Code    24  stm32f10x_usart.o(.text)
    USART_IrDAConfig                         0x08001a23   Thumb Code    18  stm32f10x_usart.o(.text)
    USART_IrDACmd                            0x08001a35   Thumb Code    24  stm32f10x_usart.o(.text)
    USART_GetFlagStatus                      0x08001a4d   Thumb Code    26  stm32f10x_usart.o(.text)
    USART_ClearFlag                          0x08001a67   Thumb Code    18  stm32f10x_usart.o(.text)
    USART_GetITStatus                        0x08001a79   Thumb Code    84  stm32f10x_usart.o(.text)
    USART_ClearITPendingBit                  0x08001acd   Thumb Code    52  stm32f10x_usart.o(.text)
    ADC_DeInit                               0x08001b01   Thumb Code    78  stm32f10x_adc.o(.text)
    ADC_Init                                 0x08001b4f   Thumb Code    70  stm32f10x_adc.o(.text)
    ADC_StructInit                           0x08001b95   Thumb Code    18  stm32f10x_adc.o(.text)
    ADC_Cmd                                  0x08001ba7   Thumb Code    22  stm32f10x_adc.o(.text)
    ADC_DMACmd                               0x08001bbd   Thumb Code    22  stm32f10x_adc.o(.text)
    ADC_ITConfig                             0x08001bd3   Thumb Code    24  stm32f10x_adc.o(.text)
    ADC_ResetCalibration                     0x08001beb   Thumb Code    10  stm32f10x_adc.o(.text)
    ADC_GetResetCalibrationStatus            0x08001bf5   Thumb Code    20  stm32f10x_adc.o(.text)
    ADC_StartCalibration                     0x08001c09   Thumb Code    10  stm32f10x_adc.o(.text)
    ADC_GetCalibrationStatus                 0x08001c13   Thumb Code    20  stm32f10x_adc.o(.text)
    ADC_SoftwareStartConvCmd                 0x08001c27   Thumb Code    22  stm32f10x_adc.o(.text)
    ADC_GetSoftwareStartConvStatus           0x08001c3d   Thumb Code    20  stm32f10x_adc.o(.text)
    ADC_DiscModeChannelCountConfig           0x08001c51   Thumb Code    24  stm32f10x_adc.o(.text)
    ADC_DiscModeCmd                          0x08001c69   Thumb Code    22  stm32f10x_adc.o(.text)
    ADC_RegularChannelConfig                 0x08001c7f   Thumb Code   184  stm32f10x_adc.o(.text)
    ADC_ExternalTrigConvCmd                  0x08001d37   Thumb Code    22  stm32f10x_adc.o(.text)
    ADC_GetConversionValue                   0x08001d4d   Thumb Code     8  stm32f10x_adc.o(.text)
    ADC_GetDualModeConversionValue           0x08001d55   Thumb Code     8  stm32f10x_adc.o(.text)
    ADC_AutoInjectedConvCmd                  0x08001d5d   Thumb Code    22  stm32f10x_adc.o(.text)
    ADC_InjectedDiscModeCmd                  0x08001d73   Thumb Code    22  stm32f10x_adc.o(.text)
    ADC_ExternalTrigInjectedConvConfig       0x08001d89   Thumb Code    16  stm32f10x_adc.o(.text)
    ADC_ExternalTrigInjectedConvCmd          0x08001d99   Thumb Code    22  stm32f10x_adc.o(.text)
    ADC_SoftwareStartInjectedConvCmd         0x08001daf   Thumb Code    22  stm32f10x_adc.o(.text)
    ADC_GetSoftwareStartInjectedConvCmdStatus 0x08001dc5   Thumb Code    20  stm32f10x_adc.o(.text)
    ADC_InjectedChannelConfig                0x08001dd9   Thumb Code   130  stm32f10x_adc.o(.text)
    ADC_InjectedSequencerLengthConfig        0x08001e5b   Thumb Code    24  stm32f10x_adc.o(.text)
    ADC_SetInjectedOffset                    0x08001e73   Thumb Code    20  stm32f10x_adc.o(.text)
    ADC_GetInjectedConversionValue           0x08001e87   Thumb Code    28  stm32f10x_adc.o(.text)
    ADC_AnalogWatchdogCmd                    0x08001ea3   Thumb Code    16  stm32f10x_adc.o(.text)
    ADC_AnalogWatchdogThresholdsConfig       0x08001eb3   Thumb Code     6  stm32f10x_adc.o(.text)
    ADC_AnalogWatchdogSingleChannelConfig    0x08001eb9   Thumb Code    16  stm32f10x_adc.o(.text)
    ADC_TempSensorVrefintCmd                 0x08001ec9   Thumb Code    64  stm32f10x_adc.o(.text)
    ADC_GetFlagStatus                        0x08001f09   Thumb Code    18  stm32f10x_adc.o(.text)
    ADC_ClearFlag                            0x08001f1b   Thumb Code     6  stm32f10x_adc.o(.text)
    ADC_GetITStatus                          0x08001f21   Thumb Code    36  stm32f10x_adc.o(.text)
    ADC_ClearITPendingBit                    0x08001f45   Thumb Code    10  stm32f10x_adc.o(.text)
    FLASH_SetLatency                         0x08001f51   Thumb Code    18  stm32f10x_flash.o(.text)
    FLASH_HalfCycleAccessCmd                 0x08001f63   Thumb Code    22  stm32f10x_flash.o(.text)
    FLASH_PrefetchBufferCmd                  0x08001f79   Thumb Code    22  stm32f10x_flash.o(.text)
    FLASH_Unlock                             0x08001f8f   Thumb Code    12  stm32f10x_flash.o(.text)
    FLASH_UnlockBank1                        0x08001f9b   Thumb Code    12  stm32f10x_flash.o(.text)
    FLASH_Lock                               0x08001fa7   Thumb Code    14  stm32f10x_flash.o(.text)
    FLASH_LockBank1                          0x08001fb5   Thumb Code    14  stm32f10x_flash.o(.text)
    FLASH_GetBank1Status                     0x08001fc3   Thumb Code    48  stm32f10x_flash.o(.text)
    FLASH_WaitForLastOperation               0x08001ff3   Thumb Code    38  stm32f10x_flash.o(.text)
    FLASH_ErasePage                          0x08002019   Thumb Code    72  stm32f10x_flash.o(.text)
    FLASH_EraseAllPages                      0x08002061   Thumb Code    68  stm32f10x_flash.o(.text)
    FLASH_WaitForLastBank1Operation          0x080020a5   Thumb Code    38  stm32f10x_flash.o(.text)
    FLASH_EraseAllBank1Pages                 0x080020cb   Thumb Code    68  stm32f10x_flash.o(.text)
    FLASH_GetReadOutProtectionStatus         0x0800210f   Thumb Code    20  stm32f10x_flash.o(.text)
    FLASH_EraseOptionBytes                   0x08002123   Thumb Code   150  stm32f10x_flash.o(.text)
    FLASH_ProgramWord                        0x080021b9   Thumb Code   102  stm32f10x_flash.o(.text)
    FLASH_ProgramHalfWord                    0x0800221f   Thumb Code    60  stm32f10x_flash.o(.text)
    FLASH_ProgramOptionByteData              0x0800225b   Thumb Code    72  stm32f10x_flash.o(.text)
    FLASH_EnableWriteProtection              0x080022a3   Thumb Code   200  stm32f10x_flash.o(.text)
    FLASH_ReadOutProtection                  0x0800236b   Thumb Code   156  stm32f10x_flash.o(.text)
    FLASH_UserOptionByteConfig               0x08002407   Thumb Code    88  stm32f10x_flash.o(.text)
    FLASH_GetUserOptionByte                  0x0800245f   Thumb Code     8  stm32f10x_flash.o(.text)
    FLASH_GetWriteProtectionOptionByte       0x08002467   Thumb Code     6  stm32f10x_flash.o(.text)
    FLASH_GetPrefetchBufferStatus            0x0800246d   Thumb Code    20  stm32f10x_flash.o(.text)
    FLASH_ITConfig                           0x08002481   Thumb Code    26  stm32f10x_flash.o(.text)
    FLASH_GetFlagStatus                      0x0800249b   Thumb Code    42  stm32f10x_flash.o(.text)
    FLASH_ClearFlag                          0x080024c5   Thumb Code     6  stm32f10x_flash.o(.text)
    FLASH_GetStatus                          0x080024cb   Thumb Code    48  stm32f10x_flash.o(.text)
    SystemInit                               0x080025eb   Thumb Code    78  system_stm32f10x.o(.text)
    SystemCoreClockUpdate                    0x08002639   Thumb Code   142  system_stm32f10x.o(.text)
    Reset_Handler                            0x080026ed   Thumb Code     8  startup_stm32f10x_md.o(.text)
    ADC1_2_IRQHandler                        0x08002707   Thumb Code     0  startup_stm32f10x_md.o(.text)
    CAN1_RX1_IRQHandler                      0x08002707   Thumb Code     0  startup_stm32f10x_md.o(.text)
    CAN1_SCE_IRQHandler                      0x08002707   Thumb Code     0  startup_stm32f10x_md.o(.text)
    DMA1_Channel1_IRQHandler                 0x08002707   Thumb Code     0  startup_stm32f10x_md.o(.text)
    DMA1_Channel2_IRQHandler                 0x08002707   Thumb Code     0  startup_stm32f10x_md.o(.text)
    DMA1_Channel3_IRQHandler                 0x08002707   Thumb Code     0  startup_stm32f10x_md.o(.text)
    DMA1_Channel4_IRQHandler                 0x08002707   Thumb Code     0  startup_stm32f10x_md.o(.text)
    DMA1_Channel5_IRQHandler                 0x08002707   Thumb Code     0  startup_stm32f10x_md.o(.text)
    DMA1_Channel6_IRQHandler                 0x08002707   Thumb Code     0  startup_stm32f10x_md.o(.text)
    DMA1_Channel7_IRQHandler                 0x08002707   Thumb Code     0  startup_stm32f10x_md.o(.text)
    EXTI0_IRQHandler                         0x08002707   Thumb Code     0  startup_stm32f10x_md.o(.text)
    EXTI15_10_IRQHandler                     0x08002707   Thumb Code     0  startup_stm32f10x_md.o(.text)
    EXTI1_IRQHandler                         0x08002707   Thumb Code     0  startup_stm32f10x_md.o(.text)
    EXTI2_IRQHandler                         0x08002707   Thumb Code     0  startup_stm32f10x_md.o(.text)
    EXTI3_IRQHandler                         0x08002707   Thumb Code     0  startup_stm32f10x_md.o(.text)
    EXTI4_IRQHandler                         0x08002707   Thumb Code     0  startup_stm32f10x_md.o(.text)
    EXTI9_5_IRQHandler                       0x08002707   Thumb Code     0  startup_stm32f10x_md.o(.text)
    FLASH_IRQHandler                         0x08002707   Thumb Code     0  startup_stm32f10x_md.o(.text)
    I2C1_ER_IRQHandler                       0x08002707   Thumb Code     0  startup_stm32f10x_md.o(.text)
    I2C1_EV_IRQHandler                       0x08002707   Thumb Code     0  startup_stm32f10x_md.o(.text)
    I2C2_ER_IRQHandler                       0x08002707   Thumb Code     0  startup_stm32f10x_md.o(.text)
    I2C2_EV_IRQHandler                       0x08002707   Thumb Code     0  startup_stm32f10x_md.o(.text)
    PVD_IRQHandler                           0x08002707   Thumb Code     0  startup_stm32f10x_md.o(.text)
    RCC_IRQHandler                           0x08002707   Thumb Code     0  startup_stm32f10x_md.o(.text)
    RTCAlarm_IRQHandler                      0x08002707   Thumb Code     0  startup_stm32f10x_md.o(.text)
    RTC_IRQHandler                           0x08002707   Thumb Code     0  startup_stm32f10x_md.o(.text)
    SPI1_IRQHandler                          0x08002707   Thumb Code     0  startup_stm32f10x_md.o(.text)
    SPI2_IRQHandler                          0x08002707   Thumb Code     0  startup_stm32f10x_md.o(.text)
    TAMPER_IRQHandler                        0x08002707   Thumb Code     0  startup_stm32f10x_md.o(.text)
    TIM1_BRK_IRQHandler                      0x08002707   Thumb Code     0  startup_stm32f10x_md.o(.text)
    TIM1_TRG_COM_IRQHandler                  0x08002707   Thumb Code     0  startup_stm32f10x_md.o(.text)
    TIM3_IRQHandler                          0x08002707   Thumb Code     0  startup_stm32f10x_md.o(.text)
    USART1_IRQHandler                        0x08002707   Thumb Code     0  startup_stm32f10x_md.o(.text)
    USART2_IRQHandler                        0x08002707   Thumb Code     0  startup_stm32f10x_md.o(.text)
    USBWakeUp_IRQHandler                     0x08002707   Thumb Code     0  startup_stm32f10x_md.o(.text)
    USB_HP_CAN1_TX_IRQHandler                0x08002707   Thumb Code     0  startup_stm32f10x_md.o(.text)
    USB_LP_CAN1_RX0_IRQHandler               0x08002707   Thumb Code     0  startup_stm32f10x_md.o(.text)
    WWDG_IRQHandler                          0x08002707   Thumb Code     0  startup_stm32f10x_md.o(.text)
    SWDConfig                                0x08002711   Thumb Code    20  bsp.o(.text)
    LEDInit                                  0x08002725   Thumb Code    40  bsp.o(.text)
    LEDToggle                                0x0800274d   Thumb Code    42  bsp.o(.text)
    GetUniqueID                              0x08002777   Thumb Code    24  bsp.o(.text)
    SetBlueToothName                         0x0800278f   Thumb Code    46  bsp.o(.text)
    BspInit                                  0x080027bd   Thumb Code   120  bsp.o(.text)
    MPU6050_Init                             0x08002875   Thumb Code    78  mpu6050.o(.text)
    DataSynthesis                            0x080028c3   Thumb Code    32  mpu6050.o(.text)
    ReadAcceData                             0x080028e3   Thumb Code    48  mpu6050.o(.text)
    ReadGyroData                             0x08002913   Thumb Code    48  mpu6050.o(.text)
    MPU6050_Pose                             0x08002943   Thumb Code    54  mpu6050.o(.text)
    OLED_IO_Init                             0x08002995   Thumb Code    64  oled.o(.text)
    OLED_WR_Byte                             0x080029d5   Thumb Code   106  oled.o(.text)
    OLED_Set_Pos                             0x08002a3f   Thumb Code    46  oled.o(.text)
    OLED_Display_On                          0x08002a6d   Thumb Code    28  oled.o(.text)
    OLED_Display_Off                         0x08002a89   Thumb Code    28  oled.o(.text)
    OLED_Clear                               0x08002aa5   Thumb Code    64  oled.o(.text)
    OLED_ShowChar                            0x08002ae5   Thumb Code    78  oled.o(.text)
    OLED_ShowString                          0x08002b33   Thumb Code    52  oled.o(.text)
    OLED_ShowCHinese                         0x08002b67   Thumb Code    98  oled.o(.text)
    OLED_DrawBMP                             0x08002bc9   Thumb Code   118  oled.o(.text)
    OLED_DrawConvertBMP                      0x08002c3f   Thumb Code   122  oled.o(.text)
    OLED_Init                                0x08002cb9   Thumb Code   298  oled.o(.text)
    ADCInit                                  0x08002de5   Thumb Code   148  adc.o(.text)
    GetBatVoltage                            0x08002e79   Thumb Code    52  adc.o(.text)
    USART1Init                               0x08002ebd   Thumb Code   114  usart.o(.text)
    USART3Init                               0x08002f2f   Thumb Code   186  usart.o(.text)
    Uart1SendByte                            0x08002fe9   Thumb Code    28  usart.o(.text)
    Uart1SendBuff                            0x08003005   Thumb Code    28  usart.o(.text)
    Uart1SendStr                             0x08003021   Thumb Code    34  usart.o(.text)
    Uart3SendByte                            0x08003043   Thumb Code    28  usart.o(.text)
    Uart3SendBuff                            0x0800305f   Thumb Code    28  usart.o(.text)
    Uart3SendStr                             0x0800307b   Thumb Code    34  usart.o(.text)
    i2cInit                                  0x080032c5   Thumb Code    42  i2c.o(.text)
    i2cWrite                                 0x080032ef   Thumb Code    72  i2c.o(.text)
    i2cWriteBuffer                           0x08003337   Thumb Code   100  i2c.o(.text)
    i2cRead                                  0x0800339b   Thumb Code   120  i2c.o(.text)
    i2cwrite                                 0x08003413   Thumb Code    38  i2c.o(.text)
    i2cread                                  0x08003439   Thumb Code    38  i2c.o(.text)
    TIM1_Cap_Init                            0x08003465   Thumb Code   188  ultrasonic.o(.text)
    Read_Distane                             0x08003521   Thumb Code    96  ultrasonic.o(.text)
    TIM1_CC_IRQHandler                       0x08003581   Thumb Code   178  ultrasonic.o(.text)
    UltraSelfCheck                           0x08003633   Thumb Code    48  ultrasonic.o(.text)
    IsUltraOK                                0x08003663   Thumb Code     6  ultrasonic.o(.text)
    MOTOR_GPIO_Config                        0x08003681   Thumb Code    76  motor.o(.text)
    TIM3_PWM_Init                            0x080037a5   Thumb Code    16  motor.o(.text)
    TIM2_Encoder_Init                        0x080037b5   Thumb Code   190  motor.o(.text)
    TIM4_Encoder_Init                        0x08003873   Thumb Code   182  motor.o(.text)
    TIM2_IRQHandler                          0x08003929   Thumb Code    12  motor.o(.text)
    TIM4_IRQHandler                          0x08003935   Thumb Code    12  motor.o(.text)
    InfraredIOInit                           0x08003951   Thumb Code    56  infrare.o(.text)
    InfraredDetect                           0x08003989   Thumb Code    74  infrare.o(.text)
    InfraredDetectAll                        0x080039d3   Thumb Code    68  infrare.o(.text)
    InfrareSelfCheck                         0x08003a17   Thumb Code    84  infrare.o(.text)
    IsInfrareOK                              0x08003a6b   Thumb Code    14  infrare.o(.text)
    SoftTimerCountDown                       0x08003a85   Thumb Code    38  systick.o(.text)
    SysTick_Init                             0x08003aab   Thumb Code   112  systick.o(.text)
    SecTask                                  0x08003b2d   Thumb Code    54  main.o(.text)
    main                                     0x08003b63   Thumb Code    72  main.o(.text)
    NMI_Handler                              0x08003bc1   Thumb Code     2  stm32f10x_it.o(.text)
    HardFault_Handler                        0x08003bc3   Thumb Code     4  stm32f10x_it.o(.text)
    MemManage_Handler                        0x08003bc7   Thumb Code     4  stm32f10x_it.o(.text)
    BusFault_Handler                         0x08003bcb   Thumb Code     4  stm32f10x_it.o(.text)
    UsageFault_Handler                       0x08003bcf   Thumb Code     4  stm32f10x_it.o(.text)
    SVC_Handler                              0x08003bd3   Thumb Code     2  stm32f10x_it.o(.text)
    DebugMon_Handler                         0x08003bd5   Thumb Code     2  stm32f10x_it.o(.text)
    PendSV_Handler                           0x08003bd7   Thumb Code     2  stm32f10x_it.o(.text)
    TIM1_UP_IRQHandler                       0x08003bd9   Thumb Code     2  stm32f10x_it.o(.text)
    SysTick_Handler                          0x08003bdb   Thumb Code   142  stm32f10x_it.o(.text)
    USART3_IRQHandler                        0x08003c69   Thumb Code    64  stm32f10x_it.o(.text)
    delay_us                                 0x08003cc1   Thumb Code    26  common.o(.text)
    delay_ms                                 0x08003cdb   Thumb Code    24  common.o(.text)
    get_ms                                   0x08003cf3   Thumb Code     2  common.o(.text)
    XOR_Get                                  0x08003cf5   Thumb Code    28  common.o(.text)
    XOR_Check                                0x08003d11   Thumb Code    32  common.o(.text)
    Sum_Get                                  0x08003d31   Thumb Code    28  common.o(.text)
    CRC16Calculate                           0x08003d4d   Thumb Code    58  common.o(.text)
    ResponseIMU                              0x08003d89   Thumb Code    96  communicate.o(.text)
    ResponsePID                              0x08003de9   Thumb Code   142  communicate.o(.text)
    ResponseInfo                             0x08003e77   Thumb Code    30  communicate.o(.text)
    ResponseStatus                           0x08003e95   Thumb Code    36  communicate.o(.text)
    Parse                                    0x08003eb9   Thumb Code  1002  communicate.o(.text)
    stopDetect                               0x080042bd   Thumb Code    24  control.o(.text)
    Scale                                    0x080042d5   Thumb Code   150  control.o(.text)
    Steer                                    0x0800436b   Thumb Code   120  control.o(.text)
    fixYaw                                   0x080043e3   Thumb Code    60  control.o(.text)
    makeSelfBanlance                         0x0800441f   Thumb Code    12  control.o(.text)
    forward                                  0x0800442b   Thumb Code   156  control.o(.text)
    moveForward                              0x080044c7   Thumb Code   218  control.o(.text)
    back                                     0x080045a1   Thumb Code   152  control.o(.text)
    wait                                     0x08004639   Thumb Code    50  control.o(.text)
    turnLeft                                 0x0800466b   Thumb Code   210  control.o(.text)
    turnRight                                0x0800473d   Thumb Code   124  control.o(.text)
    realTurnLeft                             0x080047b9   Thumb Code    80  control.o(.text)
    realTurnRight                            0x08004809   Thumb Code    80  control.o(.text)
    TailingControl                           0x08004859   Thumb Code   106  control.o(.text)
    UltraControl                             0x080048c3   Thumb Code   482  control.o(.text)
    SetMotorVoltageAndDirection              0x08004aa5   Thumb Code   270  control.o(.text)
    MotorOutput                              0x08004bb3   Thumb Code   274  control.o(.text)
    CarUpstandInit                           0x08004cc5   Thumb Code   108  control.o(.text)
    AbnormalSpinDetect                       0x08004d31   Thumb Code   132  control.o(.text)
    LandingDetect                            0x08004db5   Thumb Code   182  control.o(.text)
    MotorManage                              0x08004e6b   Thumb Code   106  control.o(.text)
    GetMotorPulse                            0x08004ed5   Thumb Code   300  control.o(.text)
    AngleCalculate                           0x08005001   Thumb Code   346  control.o(.text)
    AngleControl                             0x0800515b   Thumb Code    82  control.o(.text)
    SpeedControl                             0x080051ad   Thumb Code   296  control.o(.text)
    SpeedControlOutput                       0x080052d5   Thumb Code    64  control.o(.text)
    ProgramFlash                             0x080053c5   Thumb Code   108  dataflash.o(.text)
    ReadFlash                                0x08005431   Thumb Code    28  dataflash.o(.text)
    PIDRead                                  0x0800544d   Thumb Code    84  dataflash.o(.text)
    PIDInit                                  0x080054a1   Thumb Code    78  dataflash.o(.text)
    PIDWrite                                 0x080054ef   Thumb Code    54  dataflash.o(.text)
    PIDReset                                 0x08005525   Thumb Code    54  dataflash.o(.text)
    ShowHomePageInit                         0x0800556d   Thumb Code    32  display.o(.text)
    ShowHomePage                             0x0800558d   Thumb Code   314  display.o(.text)
    __aeabi_memset                           0x080057cd   Thumb Code    14  memseta.o(.text)
    __aeabi_memset4                          0x080057cd   Thumb Code     0  memseta.o(.text)
    __aeabi_memset8                          0x080057cd   Thumb Code     0  memseta.o(.text)
    __aeabi_memclr                           0x080057db   Thumb Code     4  memseta.o(.text)
    __aeabi_memclr4                          0x080057db   Thumb Code     0  memseta.o(.text)
    __aeabi_memclr8                          0x080057db   Thumb Code     0  memseta.o(.text)
    _memset$wrapper                          0x080057df   Thumb Code    18  memseta.o(.text)
    strstr                                   0x080057f1   Thumb Code    36  strstr.o(.text)
    strlen                                   0x08005815   Thumb Code    14  strlen.o(.text)
    strtok                                   0x08005825   Thumb Code    62  strtok.o(.text)
    __aeabi_fadd                             0x08005869   Thumb Code   164  fadd.o(.text)
    __aeabi_fsub                             0x0800590d   Thumb Code     6  fadd.o(.text)
    __aeabi_frsub                            0x08005913   Thumb Code     6  fadd.o(.text)
    __aeabi_fmul                             0x08005919   Thumb Code   100  fmul.o(.text)
    __aeabi_fdiv                             0x0800597d   Thumb Code   124  fdiv.o(.text)
    __aeabi_dadd                             0x080059f9   Thumb Code   322  dadd.o(.text)
    __aeabi_dsub                             0x08005b3b   Thumb Code     6  dadd.o(.text)
    __aeabi_drsub                            0x08005b41   Thumb Code     6  dadd.o(.text)
    __aeabi_dmul                             0x08005b47   Thumb Code   228  dmul.o(.text)
    __aeabi_ddiv                             0x08005c2b   Thumb Code   222  ddiv.o(.text)
    __aeabi_i2f                              0x08005d09   Thumb Code    18  fflti.o(.text)
    __aeabi_i2d                              0x08005d1b   Thumb Code    34  dflti.o(.text)
    __aeabi_ui2d                             0x08005d3d   Thumb Code    26  dfltui.o(.text)
    __aeabi_f2iz                             0x08005d57   Thumb Code    50  ffixi.o(.text)
    __aeabi_f2uiz                            0x08005d89   Thumb Code    40  ffixui.o(.text)
    __aeabi_d2iz                             0x08005db1   Thumb Code    62  dfixi.o(.text)
    __aeabi_d2uiz                            0x08005def   Thumb Code    50  dfixui.o(.text)
    __aeabi_f2d                              0x08005e21   Thumb Code    38  f2d.o(.text)
    __aeabi_cdcmpeq                          0x08005e49   Thumb Code     0  cdcmple.o(.text)
    __aeabi_cdcmple                          0x08005e49   Thumb Code    48  cdcmple.o(.text)
    __aeabi_cdrcmple                         0x08005e79   Thumb Code    48  cdrcmple.o(.text)
    __aeabi_d2f                              0x08005ea9   Thumb Code    56  d2f.o(.text)
    __aeabi_cfcmpeq                          0x08005ee1   Thumb Code     0  cfcmple.o(.text)
    __aeabi_cfcmple                          0x08005ee1   Thumb Code    20  cfcmple.o(.text)
    __aeabi_cfrcmple                         0x08005ef5   Thumb Code    20  cfrcmple.o(.text)
    __aeabi_uidiv                            0x08005f09   Thumb Code     0  uidiv.o(.text)
    __aeabi_uidivmod                         0x08005f09   Thumb Code    44  uidiv.o(.text)
    __aeabi_uldivmod                         0x08005f35   Thumb Code    98  uldiv.o(.text)
    __aeabi_llsl                             0x08005f97   Thumb Code    30  llshl.o(.text)
    _ll_shift_l                              0x08005f97   Thumb Code     0  llshl.o(.text)
    __aeabi_llsr                             0x08005fb5   Thumb Code    32  llushr.o(.text)
    _ll_ushift_r                             0x08005fb5   Thumb Code     0  llushr.o(.text)
    __aeabi_lasr                             0x08005fd5   Thumb Code    36  llsshr.o(.text)
    _ll_sshift_r                             0x08005fd5   Thumb Code     0  llsshr.o(.text)
    __strtod_int                             0x0800602f   Thumb Code    88  strtod.o(.text)
    __I$use$fp                               0x08006095   Thumb Code     0  iusefp.o(.text)
    _float_round                             0x08006095   Thumb Code    18  fepilogue.o(.text)
    _float_epilogue                          0x080060a7   Thumb Code    92  fepilogue.o(.text)
    _double_round                            0x08006103   Thumb Code    30  depilogue.o(.text)
    _double_epilogue                         0x08006121   Thumb Code   156  depilogue.o(.text)
    __aeabi_d2ulz                            0x080061bd   Thumb Code    48  dfixul.o(.text)
    __scatterload                            0x080061ed   Thumb Code    28  init.o(.text)
    __scatterload_rt2                        0x080061ed   Thumb Code     0  init.o(.text)
    isspace                                  0x08006211   Thumb Code    10  isspace_c.o(.text)
    _scanf_real                              0x0800631d   Thumb Code     0  scanf_fp.o(.text)
    _scanf_really_real                       0x0800631d   Thumb Code   556  scanf_fp.o(.text)
    _sgetc                                   0x08006555   Thumb Code    30  _sgetc.o(.text)
    _sbackspace                              0x08006573   Thumb Code    34  _sgetc.o(.text)
    __ARM_scalbn                             0x08006595   Thumb Code    46  dscalb.o(.text)
    scalbn                                   0x08006595   Thumb Code     0  dscalb.o(.text)
    __ctype_lookup                           0x080065c5   Thumb Code    34  ctype_c.o(.text)
    __aeabi_ul2d                             0x080065ed   Thumb Code    24  dfltul.o(.text)
    __decompress                             0x08006605   Thumb Code     0  __dczerorl2.o(.text)
    __decompress1                            0x08006605   Thumb Code    86  __dczerorl2.o(.text)
    __0snprintf                              0x0800665d   Thumb Code    36  printfa.o(i.__0snprintf)
    __1snprintf                              0x0800665d   Thumb Code     0  printfa.o(i.__0snprintf)
    __2snprintf                              0x0800665d   Thumb Code     0  printfa.o(i.__0snprintf)
    __c89snprintf                            0x0800665d   Thumb Code     0  printfa.o(i.__0snprintf)
    snprintf                                 0x0800665d   Thumb Code     0  printfa.o(i.__0snprintf)
    __0sprintf                               0x08006685   Thumb Code    34  printfa.o(i.__0sprintf)
    __1sprintf                               0x08006685   Thumb Code     0  printfa.o(i.__0sprintf)
    __2sprintf                               0x08006685   Thumb Code     0  printfa.o(i.__0sprintf)
    __c89sprintf                             0x08006685   Thumb Code     0  printfa.o(i.__0sprintf)
    sprintf                                  0x08006685   Thumb Code     0  printfa.o(i.__0sprintf)
    __ARM_fpclassify                         0x080066ad   Thumb Code    40  fpclassify.o(i.__ARM_fpclassify)
    __kernel_poly                            0x080066d5   Thumb Code   170  poly.o(i.__kernel_poly)
    __mathlib_dbl_infnan                     0x0800677f   Thumb Code     6  dunder.o(i.__mathlib_dbl_infnan)
    __mathlib_dbl_infnan2                    0x08006785   Thumb Code     4  dunder.o(i.__mathlib_dbl_infnan2)
    __mathlib_dbl_underflow                  0x08006789   Thumb Code    10  dunder.o(i.__mathlib_dbl_underflow)
    __read_errno                             0x08006799   Thumb Code     6  errno.o(i.__read_errno)
    __scatterload_copy                       0x080067a5   Thumb Code    14  handlers.o(i.__scatterload_copy)
    __scatterload_null                       0x080067b3   Thumb Code     2  handlers.o(i.__scatterload_null)
    __scatterload_zeroinit                   0x080067b5   Thumb Code    14  handlers.o(i.__scatterload_zeroinit)
    __set_errno                              0x080067c5   Thumb Code     6  errno.o(i.__set_errno)
    _is_digit                                0x08006935   Thumb Code    14  scanf_fp.o(i._is_digit)
    atan                                     0x08007095   Thumb Code   474  atan.o(i.atan)
    atan2                                    0x080072b5   Thumb Code   346  atan2.o(i.atan2)
    atof                                     0x08007435   Thumb Code    42  atof.o(i.atof)
    F6x8                                     0x0800745e   Data         552  oled.o(.constdata)
    F8X16                                    0x08007686   Data        1520  oled.o(.constdata)
    FirmwareVer                              0x08007c76   Data           5  manage.o(.constdata)
    EEPROMVer                                0x08007c7b   Data           5  manage.o(.constdata)
    MCUVer                                   0x08007c80   Data          14  manage.o(.constdata)
    __mathlib_zero                           0x08007d28   Data           8  qnan.o(.constdata)
    __ctype_categories                       0x08007d30   Data          64  ctype_c.o(.constdata)
    Region$$Table$$Base                      0x08007d70   Number         0  anon$$obj.o(Region$$Table)
    Region$$Table$$Limit                     0x08007d90   Number         0  anon$$obj.o(Region$$Table)
    SystemCoreClock                          0x20000014   Data           4  system_stm32f10x.o(.data)
    AHBPrescTable                            0x20000018   Data          16  system_stm32f10x.o(.data)
    g_fGyro_x                                0x2000002a   Data           2  mpu6050.o(.data)
    g_fAccel_y                               0x2000002c   Data           2  mpu6050.o(.data)
    g_fAccel_z                               0x2000002e   Data           2  mpu6050.o(.data)
    g_fGyro_z                                0x20000030   Data           2  mpu6050.o(.data)
    g_fAccel_x                               0x20000032   Data           2  mpu6050.o(.data)
    Hzk                                      0x20000034   Data         704  oled.o(.data)
    Uart3Index                               0x200002f4   Data           1  usart.o(.data)
    TIM1CH4_CAPTURE_STA                      0x200002f8   Data           4  ultrasonic.o(.data)
    TIM1CH4_CAPTURE_VAL                      0x200002fc   Data           4  ultrasonic.o(.data)
    Distance                                 0x20000300   Data           4  ultrasonic.o(.data)
    UltraError                               0x20000304   Data           4  ultrasonic.o(.data)
    StatusFlag                               0x20000309   Data           1  communicate.o(.data)
    g_u8MainEventCount                       0x2000030c   Data           1  control.o(.data)
    g_u8SpeedControlCount                    0x2000030d   Data           1  control.o(.data)
    g_u8SpeedControlPeriod                   0x2000030e   Data           1  control.o(.data)
    g_u8DirectionControlPeriod               0x2000030f   Data           1  control.o(.data)
    g_u8DirectionControlCount                0x20000310   Data           1  control.o(.data)
    g_cMotorDisable                          0x20000311   Data           1  control.o(.data)
    g_iGravity_Offset                        0x20000314   Data           4  control.o(.data)
    g_fSpeedControlOut                       0x20000318   Data           4  control.o(.data)
    g_fSpeedControlOutOld                    0x2000031c   Data           4  control.o(.data)
    g_fSpeedControlOutNew                    0x20000320   Data           4  control.o(.data)
    g_fAngleControlOut                       0x20000324   Data           4  control.o(.data)
    g_fLeftMotorOut                          0x20000328   Data           4  control.o(.data)
    g_fRightMotorOut                         0x2000032c   Data           4  control.o(.data)
    g_s16LeftMotorPulse                      0x20000330   Data           2  control.o(.data)
    g_s16RightMotorPulse                     0x20000332   Data           2  control.o(.data)
    g_s32LeftMotorPulseOld                   0x20000334   Data           4  control.o(.data)
    g_s32RightMotorPulseOld                  0x20000338   Data           4  control.o(.data)
    g_s32LeftMotorPulseSigma                 0x2000033c   Data           4  control.o(.data)
    g_s32RightMotorPulseSigma                0x20000340   Data           4  control.o(.data)
    g_fCarSpeed                              0x20000344   Data           4  control.o(.data)
    g_iCarSpeedSet                           0x20000348   Data           4  control.o(.data)
    g_fCarSpeedOld                           0x2000034c   Data           4  control.o(.data)
    g_fCarPosition                           0x20000350   Data           4  control.o(.data)
    g_tCarAnglePID                           0x20000354   Data          12  control.o(.data)
    g_tCarSpeedPID                           0x20000360   Data          12  control.o(.data)
    g_fBluetoothSpeed                        0x2000036c   Data           4  control.o(.data)
    g_fBluetoothDirection                    0x20000370   Data           4  control.o(.data)
    g_fBluetoothDirectionOld                 0x20000374   Data           4  control.o(.data)
    g_fBluetoothDirectionNew                 0x20000378   Data           4  control.o(.data)
    g_fBluetoothDirectionOut                 0x2000037c   Data           4  control.o(.data)
    g_fCarAngle                              0x20000380   Data           4  control.o(.data)
    g_fGyroAngleSpeed                        0x20000384   Data           4  control.o(.data)
    g_fGravityAngle                          0x20000388   Data           4  control.o(.data)
    g_fYawAngle                              0x2000038c   Data           4  control.o(.data)
    g_fDx                                    0x20000390   Data           4  control.o(.data)
    g_iLeftTurnRoundCnt                      0x20000394   Data           4  control.o(.data)
    g_iRightTurnRoundCnt                     0x20000398   Data           4  control.o(.data)
    step                                     0x200003a0   Data           4  control.o(.data)
    g_iMytimestamp                           0x200003a4   Data           4  control.o(.data)
    beginAngle                               0x200003a8   Data           4  control.o(.data)
    turnOrMove                               0x200003ac   Data           4  control.o(.data)
    forward_cnt                              0x200003b0   Data           4  control.o(.data)
    MovingCar                                0x200003b4   Data           4  control.o(.data)
    lastTurn                                 0x200003b8   Data           4  control.o(.data)
    direct                                   0x200003bc   Data           4  control.o(.data)
    isTurn                                   0x200003c0   Data           4  control.o(.data)
    directZeroCnt                            0x200003c4   Data           4  control.o(.data)
    detected                                 0x200003c8   Data           1  control.o(.data)
    LOGO                                     0x200003d4   Data        1024  display.o(.data)
    g_RunTime                                0x200007d6   Data           2  manage.o(.data)
    g_BatVolt                                0x200007d8   Data           2  manage.o(.data)
    g_CarRunningMode                         0x200007da   Data           1  manage.o(.data)
    Uart3Buffer                              0x200007e4   Data         128  usart.o(.bss)
    SoftTimer                                0x20000864   Data          10  systick.o(.bss)
    __initial_sp                             0x20000cf0   Data           0  startup_stm32f10x_md.o(STACK)



==============================================================================

Memory Map of the image

  Image Entry point : 0x080000ed

  Load Region LR_IROM1 (Base: 0x08000000, Size: 0x00008574, Max: 0x00010000, ABSOLUTE, COMPRESSED[0x00008078])

    Execution Region ER_IROM1 (Exec base: 0x08000000, Load base: 0x08000000, Size: 0x00007d90, Max: 0x00010000, ABSOLUTE)

    Exec Addr    Load Addr    Size         Type   Attr      Idx    E Section Name        Object

    0x08000000   0x08000000   0x000000ec   Data   RO          213    RESET               startup_stm32f10x_md.o
    0x080000ec   0x080000ec   0x00000000   Code   RO          637  * .ARM.Collect$$$$00000000  mc_w.l(entry.o)
    0x080000ec   0x080000ec   0x00000004   Code   RO          976    .ARM.Collect$$$$00000001  mc_w.l(entry2.o)
    0x080000f0   0x080000f0   0x00000004   Code   RO          979    .ARM.Collect$$$$00000004  mc_w.l(entry5.o)
    0x080000f4   0x080000f4   0x00000000   Code   RO          981    .ARM.Collect$$$$00000008  mc_w.l(entry7b.o)
    0x080000f4   0x080000f4   0x00000000   Code   RO          983    .ARM.Collect$$$$0000000A  mc_w.l(entry8b.o)
    0x080000f4   0x080000f4   0x00000008   Code   RO          984    .ARM.Collect$$$$0000000B  mc_w.l(entry9a.o)
    0x080000fc   0x080000fc   0x00000000   Code   RO          986    .ARM.Collect$$$$0000000D  mc_w.l(entry10a.o)
    0x080000fc   0x080000fc   0x00000000   Code   RO          988    .ARM.Collect$$$$0000000F  mc_w.l(entry11a.o)
    0x080000fc   0x080000fc   0x00000004   Code   RO          977    .ARM.Collect$$$$00002712  mc_w.l(entry2.o)
    0x08000100   0x08000100   0x000000dc   Code   RO            1    .text               misc.o
    0x080001dc   0x080001dc   0x0000035c   Code   RO           80    .text               stm32f10x_gpio.o
    0x08000538   0x08000538   0x000003a4   Code   RO          104    .text               stm32f10x_rcc.o
    0x080008dc   0x080008dc   0x00000e1a   Code   RO          118    .text               stm32f10x_tim.o
    0x080016f6   0x080016f6   0x00000002   PAD
    0x080016f8   0x080016f8   0x00000408   Code   RO          130    .text               stm32f10x_usart.o
    0x08001b00   0x08001b00   0x0000044e   Code   RO          142    .text               stm32f10x_adc.o
    0x08001f4e   0x08001f4e   0x00000002   PAD
    0x08001f50   0x08001f50   0x000005bc   Code   RO          157    .text               stm32f10x_flash.o
    0x0800250c   0x0800250c   0x000001e0   Code   RO          183    .text               system_stm32f10x.o
    0x080026ec   0x080026ec   0x00000024   Code   RO          214    .text               startup_stm32f10x_md.o
    0x08002710   0x08002710   0x00000164   Code   RO          218    .text               bsp.o
    0x08002874   0x08002874   0x00000120   Code   RO          268    .text               mpu6050.o
    0x08002994   0x08002994   0x0000044e   Code   RO          283    .text               oled.o
    0x08002de2   0x08002de2   0x00000002   PAD
    0x08002de4   0x08002de4   0x000000d8   Code   RO          302    .text               adc.o
    0x08002ebc   0x08002ebc   0x000001f0   Code   RO          314    .text               usart.o
    0x080030ac   0x080030ac   0x000003b8   Code   RO          342    .text               i2c.o
    0x08003464   0x08003464   0x0000021c   Code   RO          354    .text               ultrasonic.o
    0x08003680   0x08003680   0x000002d0   Code   RO          372    .text               motor.o
    0x08003950   0x08003950   0x00000134   Code   RO          384    .text               infrare.o
    0x08003a84   0x08003a84   0x000000a8   Code   RO          398    .text               systick.o
    0x08003b2c   0x08003b2c   0x00000094   Code   RO          445    .text               main.o
    0x08003bc0   0x08003bc0   0x00000100   Code   RO          475    .text               stm32f10x_it.o
    0x08003cc0   0x08003cc0   0x000000c6   Code   RO          494    .text               common.o
    0x08003d86   0x08003d86   0x00000002   PAD
    0x08003d88   0x08003d88   0x00000534   Code   RO          506    .text               communicate.o
    0x080042bc   0x080042bc   0x00001108   Code   RO          531    .text               control.o
    0x080053c4   0x080053c4   0x000001a8   Code   RO          575    .text               dataflash.o
    0x0800556c   0x0800556c   0x00000260   Code   RO          589    .text               display.o
    0x080057cc   0x080057cc   0x00000024   Code   RO          640    .text               mc_w.l(memseta.o)
    0x080057f0   0x080057f0   0x00000024   Code   RO          642    .text               mc_w.l(strstr.o)
    0x08005814   0x08005814   0x0000000e   Code   RO          644    .text               mc_w.l(strlen.o)
    0x08005822   0x08005822   0x00000002   PAD
    0x08005824   0x08005824   0x00000044   Code   RO          646    .text               mc_w.l(strtok.o)
    0x08005868   0x08005868   0x000000b0   Code   RO          913    .text               mf_w.l(fadd.o)
    0x08005918   0x08005918   0x00000064   Code   RO          915    .text               mf_w.l(fmul.o)
    0x0800597c   0x0800597c   0x0000007c   Code   RO          917    .text               mf_w.l(fdiv.o)
    0x080059f8   0x080059f8   0x0000014e   Code   RO          919    .text               mf_w.l(dadd.o)
    0x08005b46   0x08005b46   0x000000e4   Code   RO          921    .text               mf_w.l(dmul.o)
    0x08005c2a   0x08005c2a   0x000000de   Code   RO          923    .text               mf_w.l(ddiv.o)
    0x08005d08   0x08005d08   0x00000012   Code   RO          925    .text               mf_w.l(fflti.o)
    0x08005d1a   0x08005d1a   0x00000022   Code   RO          927    .text               mf_w.l(dflti.o)
    0x08005d3c   0x08005d3c   0x0000001a   Code   RO          929    .text               mf_w.l(dfltui.o)
    0x08005d56   0x08005d56   0x00000032   Code   RO          931    .text               mf_w.l(ffixi.o)
    0x08005d88   0x08005d88   0x00000028   Code   RO          933    .text               mf_w.l(ffixui.o)
    0x08005db0   0x08005db0   0x0000003e   Code   RO          935    .text               mf_w.l(dfixi.o)
    0x08005dee   0x08005dee   0x00000032   Code   RO          937    .text               mf_w.l(dfixui.o)
    0x08005e20   0x08005e20   0x00000026   Code   RO          939    .text               mf_w.l(f2d.o)
    0x08005e46   0x08005e46   0x00000002   PAD
    0x08005e48   0x08005e48   0x00000030   Code   RO          941    .text               mf_w.l(cdcmple.o)
    0x08005e78   0x08005e78   0x00000030   Code   RO          943    .text               mf_w.l(cdrcmple.o)
    0x08005ea8   0x08005ea8   0x00000038   Code   RO          945    .text               mf_w.l(d2f.o)
    0x08005ee0   0x08005ee0   0x00000014   Code   RO          947    .text               mf_w.l(cfcmple.o)
    0x08005ef4   0x08005ef4   0x00000014   Code   RO          949    .text               mf_w.l(cfrcmple.o)
    0x08005f08   0x08005f08   0x0000002c   Code   RO          993    .text               mc_w.l(uidiv.o)
    0x08005f34   0x08005f34   0x00000062   Code   RO          995    .text               mc_w.l(uldiv.o)
    0x08005f96   0x08005f96   0x0000001e   Code   RO          997    .text               mc_w.l(llshl.o)
    0x08005fb4   0x08005fb4   0x00000020   Code   RO          999    .text               mc_w.l(llushr.o)
    0x08005fd4   0x08005fd4   0x00000024   Code   RO         1001    .text               mc_w.l(llsshr.o)
    0x08005ff8   0x08005ff8   0x0000009c   Code   RO         1010    .text               mc_w.l(strtod.o)
    0x08006094   0x08006094   0x00000000   Code   RO         1012    .text               mc_w.l(iusefp.o)
    0x08006094   0x08006094   0x0000006e   Code   RO         1013    .text               mf_w.l(fepilogue.o)
    0x08006102   0x08006102   0x000000ba   Code   RO         1015    .text               mf_w.l(depilogue.o)
    0x080061bc   0x080061bc   0x00000030   Code   RO         1017    .text               mf_w.l(dfixul.o)
    0x080061ec   0x080061ec   0x00000024   Code   RO         1023    .text               mc_w.l(init.o)
    0x08006210   0x08006210   0x0000000a   Code   RO         1026    .text               mc_w.l(isspace_c.o)
    0x0800621a   0x0800621a   0x00000002   PAD
    0x0800621c   0x0800621c   0x00000338   Code   RO         1028    .text               mc_w.l(scanf_fp.o)
    0x08006554   0x08006554   0x00000040   Code   RO         1032    .text               mc_w.l(_sgetc.o)
    0x08006594   0x08006594   0x0000002e   Code   RO         1035    .text               mf_w.l(dscalb.o)
    0x080065c2   0x080065c2   0x00000002   PAD
    0x080065c4   0x080065c4   0x00000028   Code   RO         1037    .text               mc_w.l(ctype_c.o)
    0x080065ec   0x080065ec   0x00000018   Code   RO         1040    .text               mf_w.l(dfltul.o)
    0x08006604   0x08006604   0x00000056   Code   RO         1050    .text               mc_w.l(__dczerorl2.o)
    0x0800665a   0x0800665a   0x00000002   PAD
    0x0800665c   0x0800665c   0x00000028   Code   RO          886    i.__0snprintf       mc_w.l(printfa.o)
    0x08006684   0x08006684   0x00000028   Code   RO          887    i.__0sprintf        mc_w.l(printfa.o)
    0x080066ac   0x080066ac   0x00000028   Code   RO         1019    i.__ARM_fpclassify  m_ws.l(fpclassify.o)
    0x080066d4   0x080066d4   0x000000aa   Code   RO         1021    i.__kernel_poly     m_ws.l(poly.o)
    0x0800677e   0x0800677e   0x00000006   Code   RO          962    i.__mathlib_dbl_infnan  m_ws.l(dunder.o)
    0x08006784   0x08006784   0x00000004   Code   RO          963    i.__mathlib_dbl_infnan2  m_ws.l(dunder.o)
    0x08006788   0x08006788   0x00000010   Code   RO          967    i.__mathlib_dbl_underflow  m_ws.l(dunder.o)
    0x08006798   0x08006798   0x0000000c   Code   RO         1004    i.__read_errno      mc_w.l(errno.o)
    0x080067a4   0x080067a4   0x0000000e   Code   RO         1044    i.__scatterload_copy  mc_w.l(handlers.o)
    0x080067b2   0x080067b2   0x00000002   Code   RO         1045    i.__scatterload_null  mc_w.l(handlers.o)
    0x080067b4   0x080067b4   0x0000000e   Code   RO         1046    i.__scatterload_zeroinit  mc_w.l(handlers.o)
    0x080067c2   0x080067c2   0x00000002   PAD
    0x080067c4   0x080067c4   0x0000000c   Code   RO         1005    i.__set_errno       mc_w.l(errno.o)
    0x080067d0   0x080067d0   0x00000164   Code   RO          892    i._fp_digits        mc_w.l(printfa.o)
    0x08006934   0x08006934   0x0000000e   Code   RO         1030    i._is_digit         mc_w.l(scanf_fp.o)
    0x08006942   0x08006942   0x00000002   PAD
    0x08006944   0x08006944   0x000006dc   Code   RO          893    i._printf_core      mc_w.l(printfa.o)
    0x08007020   0x08007020   0x00000024   Code   RO          894    i._printf_post_padding  mc_w.l(printfa.o)
    0x08007044   0x08007044   0x0000002e   Code   RO          895    i._printf_pre_padding  mc_w.l(printfa.o)
    0x08007072   0x08007072   0x00000016   Code   RO          896    i._snputc           mc_w.l(printfa.o)
    0x08007088   0x08007088   0x0000000a   Code   RO          897    i._sputc            mc_w.l(printfa.o)
    0x08007092   0x08007092   0x00000002   PAD
    0x08007094   0x08007094   0x00000220   Code   RO          952    i.atan              m_ws.l(atan.o)
    0x080072b4   0x080072b4   0x00000180   Code   RO          626    i.atan2             m_ws.l(atan2.o)
    0x08007434   0x08007434   0x0000002a   Code   RO          634    i.atof              m_ws.l(atof.o)
    0x0800745e   0x0800745e   0x00000818   Data   RO          284    .constdata          oled.o
    0x08007c76   0x08007c76   0x00000018   Data   RO          612    .constdata          manage.o
    0x08007c8e   0x08007c8e   0x00000002   PAD
    0x08007c90   0x08007c90   0x00000098   Data   RO          953    .constdata          m_ws.l(atan.o)
    0x08007d28   0x08007d28   0x00000008   Data   RO          975    .constdata          m_ws.l(qnan.o)
    0x08007d30   0x08007d30   0x00000040   Data   RO         1038    .constdata          mc_w.l(ctype_c.o)
    0x08007d70   0x08007d70   0x00000020   Data   RO         1042    Region$$Table       anon$$obj.o


    Execution Region RW_IRAM1 (Exec base: 0x20000000, Load base: 0x08007d90, Size: 0x00000cf0, Max: 0x00005000, ABSOLUTE, COMPRESSED[0x000002e8])

    Exec Addr    Load Addr    Size         Type   Attr      Idx    E Section Name        Object

    0x20000000   COMPRESSED   0x00000014   Data   RW          105    .data               stm32f10x_rcc.o
    0x20000014   COMPRESSED   0x00000014   Data   RW          184    .data               system_stm32f10x.o
    0x20000028   COMPRESSED   0x00000001   Data   RW          219    .data               bsp.o
    0x20000029   COMPRESSED   0x00000001   PAD
    0x2000002a   COMPRESSED   0x0000000a   Data   RW          269    .data               mpu6050.o
    0x20000034   COMPRESSED   0x000002c0   Data   RW          285    .data               oled.o
    0x200002f4   COMPRESSED   0x00000001   Data   RW          316    .data               usart.o
    0x200002f5   COMPRESSED   0x00000003   PAD
    0x200002f8   COMPRESSED   0x00000010   Data   RW          355    .data               ultrasonic.o
    0x20000308   COMPRESSED   0x00000001   Data   RW          385    .data               infrare.o
    0x20000309   COMPRESSED   0x00000001   Data   RW          507    .data               communicate.o
    0x2000030a   COMPRESSED   0x00000002   PAD
    0x2000030c   COMPRESSED   0x000000c8   Data   RW          532    .data               control.o
    0x200003d4   COMPRESSED   0x00000401   Data   RW          590    .data               display.o
    0x200007d5   COMPRESSED   0x00000001   PAD
    0x200007d6   COMPRESSED   0x00000005   Data   RW          613    .data               manage.o
    0x200007db   COMPRESSED   0x00000001   PAD
    0x200007dc   COMPRESSED   0x00000004   Data   RW          647    .data               mc_w.l(strtok.o)
    0x200007e0   COMPRESSED   0x00000004   Data   RW         1006    .data               mc_w.l(errno.o)
    0x200007e4        -       0x00000080   Zero   RW          315    .bss                usart.o
    0x20000864        -       0x0000000a   Zero   RW          399    .bss                systick.o
    0x2000086e        -       0x00000080   Zero   RW          576    .bss                dataflash.o
    0x200008ee   COMPRESSED   0x00000002   PAD
    0x200008f0        -       0x00000400   Zero   RW          211    STACK               startup_stm32f10x_md.o


==============================================================================

Image component sizes


      Code (inc. data)   RO Data    RW Data    ZI Data      Debug   Object Name

       216         16          0          0          0        788   adc.o
       356         64          0          1          0       1291   bsp.o
       198          0          0          0          0       2048   common.o
      1332        232          0          1          0       2269   communicate.o
      4360        572          0        200          0       9923   control.o
         0          0          0          0          0         32   core_cm3.o
       424         18          0          0        128       2259   dataflash.o
       608        262          0       1025          0       1239   display.o
       952          6          0          0          0       4163   i2c.o
       308         12          0          1          0       1487   infrare.o
       148         22          0          0          0        607   main.o
         0          0         24          5          0        748   manage.o
       220         22          0          0          0     252829   misc.o
       720         16          0          0          0       2142   motor.o
       288         28          0         10          0       2387   mpu6050.o
      1102         18       2072        704          0       4140   oled.o
        36          8        236          0       1024        780   startup_stm32f10x_md.o
      1102         26          0          0          0      19929   stm32f10x_adc.o
      1468         34          0          0          0      14402   stm32f10x_flash.o
       860         38          0          0          0       5625   stm32f10x_gpio.o
       256         24          0          0          0       1615   stm32f10x_it.o
       932         36          0         20          0       8768   stm32f10x_rcc.o
      3610         88          0          0          0      22732   stm32f10x_tim.o
      1032         22          0          0          0       8352   stm32f10x_usart.o
       480         38          0         20          0       1711   system_stm32f10x.o
       168         18          0          0         10      16417   systick.o
       540         24          0         16          0       1739   ultrasonic.o
       496         16          0          1        128       2883   usart.o

    ----------------------------------------------------------------------
     22220       1660       2366       2012       1292     393305   Object Totals
         0          0         32          0          0          0   (incl. Generated)
         8          0          2          8          2          0   (incl. Padding)

    ----------------------------------------------------------------------

      Code (inc. data)   RO Data    RW Data    ZI Data      Debug   Library Member Name

       544         70        152          0          0        124   atan.o
       384         38          0          0          0        144   atan2.o
        42          0          0          0          0         84   atof.o
        26          6          0          0          0        204   dunder.o
        40          0          0          0          0         68   fpclassify.o
       170          0          0          0          0         96   poly.o
         0          0          8          0          0          0   qnan.o
        86          0          0          0          0          0   __dczerorl2.o
        64          0          0          0          0         84   _sgetc.o
        40          6         64          0          0         68   ctype_c.o
         0          0          0          0          0          0   entry.o
         0          0          0          0          0          0   entry10a.o
         0          0          0          0          0          0   entry11a.o
         8          4          0          0          0          0   entry2.o
         4          0          0          0          0          0   entry5.o
         0          0          0          0          0          0   entry7b.o
         0          0          0          0          0          0   entry8b.o
         8          4          0          0          0          0   entry9a.o
        24         12          0          4          0        136   errno.o
        30          0          0          0          0          0   handlers.o
        36          8          0          0          0         68   init.o
        10          0          0          0          0         68   isspace_c.o
         0          0          0          0          0          0   iusefp.o
        30          0          0          0          0         68   llshl.o
        36          0          0          0          0         68   llsshr.o
        32          0          0          0          0         68   llushr.o
        36          0          0          0          0        108   memseta.o
      2306         90          0          0          0        664   printfa.o
       838         12          0          0          0        216   scanf_fp.o
        14          0          0          0          0         68   strlen.o
        36          0          0          0          0         80   strstr.o
       156         14          0          0          0        120   strtod.o
        68          6          0          4          0         80   strtok.o
        44          0          0          0          0         80   uidiv.o
        98          0          0          0          0         92   uldiv.o
        48          0          0          0          0         68   cdcmple.o
        48          0          0          0          0         68   cdrcmple.o
        20          0          0          0          0         68   cfcmple.o
        20          0          0          0          0         68   cfrcmple.o
        56          0          0          0          0         88   d2f.o
       334          0          0          0          0        148   dadd.o
       222          0          0          0          0        100   ddiv.o
       186          0          0          0          0        176   depilogue.o
        62          0          0          0          0         80   dfixi.o
        50          0          0          0          0         76   dfixui.o
        48          0          0          0          0         68   dfixul.o
        34          0          0          0          0         76   dflti.o
        26          0          0          0          0         76   dfltui.o
        24          0          0          0          0         76   dfltul.o
       228          0          0          0          0         96   dmul.o
        46          0          0          0          0         80   dscalb.o
        38          0          0          0          0         68   f2d.o
       176          0          0          0          0        140   fadd.o
       124          0          0          0          0         88   fdiv.o
       110          0          0          0          0        168   fepilogue.o
        50          0          0          0          0         68   ffixi.o
        40          0          0          0          0         68   ffixui.o
        18          0          0          0          0         68   fflti.o
       100          0          0          0          0         76   fmul.o

    ----------------------------------------------------------------------
      7334        270        224          8          0       5012   Library Totals
        16          0          0          0          0          0   (incl. Padding)

    ----------------------------------------------------------------------

      Code (inc. data)   RO Data    RW Data    ZI Data      Debug   Library Name

      1206        114        160          0          0        720   m_ws.l
      4004        156         64          8          0       2136   mc_w.l
      2108          0          0          0          0       2156   mf_w.l

    ----------------------------------------------------------------------
      7334        270        224          8          0       5012   Library Totals

    ----------------------------------------------------------------------

==============================================================================


      Code (inc. data)   RO Data    RW Data    ZI Data      Debug   

     29554       1930       2590       2020       1292     393505   Grand Totals
     29554       1930       2590        744       1292     393505   ELF Image Totals (compressed)
     29554       1930       2590        744          0          0   ROM Totals

==============================================================================

    Total RO  Size (Code + RO Data)                32144 (  31.39kB)
    Total RW  Size (RW Data + ZI Data)              3312 (   3.23kB)
    Total ROM Size (Code + RO Data + RW Data)      32888 (  32.12kB)

==============================================================================

